// Jest Snapshot v1, https://goo.gl/fbAQLP

exports[`WorkflowResolverRelative with filter resolve should throw an error when file does not match pattern 1`] = `[Error: Path 'package.json' does not match pattern '/.*js$/']`;

exports[`WorkflowResolverRelative without filter resolve should throw error when resolving a directory 1`] = `[Error]`;
