// Jest Snapshot v1, https://goo.gl/fbAQLP

exports[`load(configFile) should rethrow error when loaded module fails 1`] = `"Module error"`;

exports[`load(configFile) should throw error when all loaders fails 1`] = `"Could not load file.js"`;
